2026-07-01  4:28:53 0 [Note] Starting MariaDB 10.11.18-MariaDB source revision 197f92bee02d8e836f529f37625be69b83e7acbd server_uid DR/4BrnylhxLsBGRfndBt6h4DjY= as process 24424
2026-07-01  4:28:53 0 [Note] InnoDB: Compressed tables use zlib 1.3.2
2026-07-01  4:28:53 0 [Note] InnoDB: Number of transaction pools: 1
2026-07-01  4:28:53 0 [Note] InnoDB: Using crc32 + pclmulqdq instructions
2026-07-01  4:28:53 0 [Note] InnoDB: Using ThreadPool
2026-07-01  4:28:53 0 [Note] InnoDB: innodb_buffer_pool_size_max=8388609m, innodb_buffer_pool_size=2001m
2026-07-01  4:28:53 0 [Note] InnoDB: Completed initialization of buffer pool
2026-07-01  4:28:53 0 [Note] InnoDB: File system buffers for log disabled (block size=512 bytes)
2026-07-01  4:28:53 0 [Note] InnoDB: End of log at LSN=44894
2026-07-01  4:28:53 0 [Note] InnoDB: 128 rollback segments are active.
2026-07-01  4:28:53 0 [Note] InnoDB: Setting file './ibtmp1' size to 12.000MiB. Physically writing the file full; Please wait ...
2026-07-01  4:28:53 0 [Note] InnoDB: File './ibtmp1' size is now 12.000MiB.
2026-07-01  4:28:53 0 [Note] InnoDB: log sequence number 44894; transaction id 14
2026-07-01  4:28:53 0 [Note] Plugin 'FEEDBACK' is disabled.
2026-07-01  4:28:53 0 [Note] InnoDB: Loading buffer pool(s) from C:\Program Files\MariaDB 10.11\data\ib_buffer_pool
2026-07-01  4:28:53 0 [Note] mysqld.exe: SSPI: using principal name 'localhost', mech 'Negotiate'
2026-07-01  4:28:53 0 [Note] Server socket created on IP: '::', port: '3307'.
2026-07-01  4:28:53 0 [Note] Server socket created on IP: '0.0.0.0', port: '3307'.
2026-07-01  4:28:53 0 [Note] InnoDB: Buffer pool(s) load completed at 260701  4:28:53
2026-07-01  4:28:53 0 [Note] C:\Program Files\MariaDB 10.11\bin\mysqld.exe: ready for connections.
Version: '10.11.18-MariaDB'  socket: ''  port: 3307  MariaDB Server
2026-07-01  5:10:42 8 [Warning] Aborted connection 8 to db: 'db' user: 'db_jaime' host: 'localhost' (Got an error reading communication packets)
2026-07-01  5:10:42 4 [Warning] Aborted connection 4 to db: 'db' user: 'db_jaime' host: 'localhost' (Got an error reading communication packets)
2026-07-01  5:10:42 6 [Warning] Aborted connection 6 to db: 'db' user: 'db_jaime' host: 'localhost' (Got an error reading communication packets)
2026-07-01  5:10:42 5 [Warning] Aborted connection 5 to db: 'db' user: 'db_jaime' host: 'localhost' (Got an error reading communication packets)
2026-07-01  5:10:42 7 [Warning] Aborted connection 7 to db: 'db' user: 'db_jaime' host: 'localhost' (Got an error reading communication packets)
2026-07-01  5:28:28 13 [Warning] Aborted connection 13 to db: 'db' user: 'db_jaime' host: 'localhost' (Got an error reading communication packets)
2026-07-01  5:28:28 12 [Warning] Aborted connection 12 to db: 'db' user: 'db_jaime' host: 'localhost' (Got an error reading communication packets)
2026-07-01  5:28:28 11 [Warning] Aborted connection 11 to db: 'db' user: 'db_jaime' host: 'localhost' (Got an error reading communication packets)
2026-07-01  5:28:28 10 [Warning] Aborted connection 10 to db: 'db' user: 'db_jaime' host: 'localhost' (Got an error reading communication packets)
2026-07-01  5:28:28 9 [Warning] Aborted connection 9 to db: 'db' user: 'db_jaime' host: 'localhost' (Got an error reading communication packets)
2026-07-01  5:30:14 14 [Warning] Aborted connection 14 to db: 'db' user: 'db_jaime' host: 'localhost' (Got an error reading communication packets)
2026-07-01  5:30:14 15 [Warning] Aborted connection 15 to db: 'db' user: 'db_jaime' host: 'localhost' (Got an error reading communication packets)
2026-07-01  5:30:14 16 [Warning] Aborted connection 16 to db: 'db' user: 'db_jaime' host: 'localhost' (Got an error reading communication packets)
2026-07-01  5:30:14 17 [Warning] Aborted connection 17 to db: 'db' user: 'db_jaime' host: 'localhost' (Got an error reading communication packets)
2026-07-01  5:30:14 18 [Warning] Aborted connection 18 to db: 'db' user: 'db_jaime' host: 'localhost' (Got an error reading communication packets)
2026-07-01  5:34:15 23 [Warning] Aborted connection 23 to db: 'db' user: 'db_jaime' host: 'localhost' (Got an error reading communication packets)
2026-07-01  5:34:15 20 [Warning] Aborted connection 20 to db: 'db' user: 'db_jaime' host: 'localhost' (Got an error reading communication packets)
2026-07-01  5:34:15 22 [Warning] Aborted connection 22 to db: 'db' user: 'db_jaime' host: 'localhost' (Got an error reading communication packets)
2026-07-01  5:34:15 19 [Warning] Aborted connection 19 to db: 'db' user: 'db_jaime' host: 'localhost' (Got an error reading communication packets)
2026-07-01  5:34:15 21 [Warning] Aborted connection 21 to db: 'db' user: 'db_jaime' host: 'localhost' (Got an error reading communication packets)
2026-07-01  5:42:58 28 [Warning] Aborted connection 28 to db: 'db' user: 'db_jaime' host: 'localhost' (Got an error reading communication packets)
2026-07-01  5:42:58 27 [Warning] Aborted connection 27 to db: 'db' user: 'db_jaime' host: 'localhost' (Got an error reading communication packets)
2026-07-01  5:42:58 25 [Warning] Aborted connection 25 to db: 'db' user: 'db_jaime' host: 'localhost' (Got an error reading communication packets)
2026-07-01  5:42:58 26 [Warning] Aborted connection 26 to db: 'db' user: 'db_jaime' host: 'localhost' (Got an error reading communication packets)
2026-07-01  5:42:58 24 [Warning] Aborted connection 24 to db: 'db' user: 'db_jaime' host: 'localhost' (Got an error reading communication packets)
2026-07-01  6:09:14 32 [Warning] Aborted connection 32 to db: 'db' user: 'db_jaime' host: 'localhost' (Got an error reading communication packets)
2026-07-01  6:09:14 33 [Warning] Aborted connection 33 to db: 'db' user: 'db_jaime' host: 'localhost' (Got an error reading communication packets)
2026-07-01  6:09:14 31 [Warning] Aborted connection 31 to db: 'db' user: 'db_jaime' host: 'localhost' (Got an error reading communication packets)
2026-07-01  6:09:14 30 [Warning] Aborted connection 30 to db: 'db' user: 'db_jaime' host: 'localhost' (Got an error reading communication packets)
2026-07-01  6:09:14 29 [Warning] Aborted connection 29 to db: 'db' user: 'db_jaime' host: 'localhost' (Got an error reading communication packets)
2026-07-01  6:13:59 3 [Warning] Aborted connection 3 to db: 'db' user: 'root' host: 'localhost' (Got an error reading communication packets)
2026-07-01 16:14:09 38 [Warning] Aborted connection 38 to db: 'db' user: 'db_jaime' host: 'localhost' (Got an error reading communication packets)
2026-07-01 16:14:09 41 [Warning] Aborted connection 41 to db: 'db' user: 'db_jaime' host: 'localhost' (Got an error reading communication packets)
2026-07-01 16:14:09 40 [Warning] Aborted connection 40 to db: 'db' user: 'db_jaime' host: 'localhost' (Got an error reading communication packets)
2026-07-01 16:14:09 39 [Warning] Aborted connection 39 to db: 'db' user: 'db_jaime' host: 'localhost' (Got an error reading communication packets)
2026-07-01 16:14:09 37 [Warning] Aborted connection 37 to db: 'db' user: 'db_jaime' host: 'localhost' (Got an error reading communication packets)
2026-07-01 23:40:57 45 [Warning] Aborted connection 45 to db: 'db' user: 'db_jaime' host: 'localhost' (Got an error reading communication packets)
2026-07-01 23:40:57 46 [Warning] Aborted connection 46 to db: 'db' user: 'db_jaime' host: 'localhost' (Got an error reading communication packets)
2026-07-01 23:40:57 44 [Warning] Aborted connection 44 to db: 'db' user: 'db_jaime' host: 'localhost' (Got an error reading communication packets)
2026-07-01 23:40:57 43 [Warning] Aborted connection 43 to db: 'db' user: 'db_jaime' host: 'localhost' (Got an error reading communication packets)
2026-07-01 23:40:57 42 [Warning] Aborted connection 42 to db: 'db' user: 'db_jaime' host: 'localhost' (Got an error reading communication packets)
2026-07-02 15:36:55 47 [Warning] Aborted connection 47 to db: 'db' user: 'db_jaime' host: 'localhost' (Got an error reading communication packets)
2026-07-02 15:36:55 51 [Warning] Aborted connection 51 to db: 'db' user: 'db_jaime' host: 'localhost' (Got an error reading communication packets)
2026-07-02 15:36:55 50 [Warning] Aborted connection 50 to db: 'db' user: 'db_jaime' host: 'localhost' (Got an error reading communication packets)
2026-07-02 15:36:55 49 [Warning] Aborted connection 49 to db: 'db' user: 'db_jaime' host: 'localhost' (Got an error reading communication packets)
2026-07-02 15:36:55 48 [Warning] Aborted connection 48 to db: 'db' user: 'db_jaime' host: 'localhost' (Got an error reading communication packets)
2026-07-02 18:47:11 0 [Note] Windows service "MariaDB":  received SERVICE_CONTROL_STOP
2026-07-02 18:47:11 0 [Note] C:\Program Files\MariaDB 10.11\bin\mysqld.exe (initiated by: unknown): Normal shutdown
2026-07-02 18:47:11 0 [Note] InnoDB: FTS optimize thread exiting.
2026-07-02 18:47:11 0 [Note] InnoDB: Starting shutdown...
2026-07-02 18:47:11 0 [Note] InnoDB: Dumping buffer pool(s) to C:\Program Files\MariaDB 10.11\data\ib_buffer_pool
2026-07-02 18:47:11 0 [Note] InnoDB: Buffer pool(s) dump completed at 260702 18:47:11
2026-07-02 18:47:11 0 [Note] InnoDB: Removed temporary tablespace data file: "./ibtmp1"
2026-07-02 18:47:11 0 [Note] Shutdown completed; log sequence number 52899; transaction id 29
2026-07-02 18:47:11 0 [Note] C:\Program Files\MariaDB 10.11\bin\mysqld.exe: Shutdown complete
2026-07-02 18:55:58 0 [Note] Starting MariaDB 10.11.18-MariaDB source revision 197f92bee02d8e836f529f37625be69b83e7acbd server_uid DR/4BrnylhxLsBGRfndBt6h4DjY= as process 12512
2026-07-02 18:55:58 0 [Note] InnoDB: Compressed tables use zlib 1.3.2
2026-07-02 18:55:58 0 [Note] InnoDB: Number of transaction pools: 1
2026-07-02 18:55:58 0 [Note] InnoDB: Using crc32 + pclmulqdq instructions
2026-07-02 18:55:58 0 [Note] InnoDB: Using ThreadPool
2026-07-02 18:55:58 0 [Note] InnoDB: innodb_buffer_pool_size_max=8388610m, innodb_buffer_pool_size=2001m
2026-07-02 18:55:58 0 [Note] InnoDB: Completed initialization of buffer pool
2026-07-02 18:55:58 0 [Note] InnoDB: File system buffers for log disabled (block size=512 bytes)
2026-07-02 18:55:58 0 [Note] InnoDB: End of log at LSN=52899
2026-07-02 18:55:58 0 [Note] InnoDB: 128 rollback segments are active.
2026-07-02 18:55:58 0 [Note] InnoDB: Setting file './ibtmp1' size to 12.000MiB. Physically writing the file full; Please wait ...
2026-07-02 18:55:58 0 [Note] InnoDB: File './ibtmp1' size is now 12.000MiB.
2026-07-02 18:55:58 0 [Note] InnoDB: log sequence number 52899; transaction id 30
2026-07-02 18:55:58 0 [Note] Plugin 'FEEDBACK' is disabled.
2026-07-02 18:55:58 0 [Note] InnoDB: Loading buffer pool(s) from C:\Program Files\MariaDB 10.11\data\ib_buffer_pool
2026-07-02 18:55:58 0 [Note] mysqld.exe: SSPI: using principal name 'localhost', mech 'Negotiate'
2026-07-02 18:55:58 0 [Note] Server socket created on IP: '::', port: '3307'.
2026-07-02 18:55:58 0 [Note] Server socket created on IP: '0.0.0.0', port: '3307'.
2026-07-02 18:55:58 0 [Note] InnoDB: Buffer pool(s) load completed at 260702 18:55:58
2026-07-02 18:55:58 0 [Note] C:\Program Files\MariaDB 10.11\bin\mysqld.exe: ready for connections.
Version: '10.11.18-MariaDB'  socket: ''  port: 3307  MariaDB Server
2026-07-02 19:46:03 0 [Note] Windows service "MariaDB":  received SERVICE_CONTROL_STOP
2026-07-02 19:46:03 0 [Note] C:\Program Files\MariaDB 10.11\bin\mysqld.exe (initiated by: unknown): Normal shutdown
2026-07-02 19:46:03 0 [Note] InnoDB: FTS optimize thread exiting.
2026-07-02 19:46:03 0 [Note] InnoDB: Starting shutdown...
2026-07-02 19:46:03 0 [Note] InnoDB: Dumping buffer pool(s) to C:\Program Files\MariaDB 10.11\data\ib_buffer_pool
2026-07-02 19:46:03 0 [Note] InnoDB: Buffer pool(s) dump completed at 260702 19:46:03
2026-07-02 19:46:03 0 [Note] InnoDB: Removed temporary tablespace data file: "./ibtmp1"
2026-07-02 19:46:03 0 [Note] Shutdown completed; log sequence number 64007; transaction id 56
2026-07-02 19:46:03 0 [Note] C:\Program Files\MariaDB 10.11\bin\mysqld.exe: Shutdown complete
